// Jest Snapshot v1, https://goo.gl/fbAQLP

exports[`Cage component should render without crashing 1`] = `
<Face
  button={
    <Button
      onPress={[Function]}
      title="Turn it Travolta"
    />
  }
  faceSrc={
    Object {
      "testUri": "../../../src/Cage/cage.jpg",
    }
  }
/>
`;
